// Jest Snapshot v1, https://goo.gl/fbAQLP

exports[`Card Component should render without crash 1`] = `
<div>
  <div
    class="sc-bczRLJ gpCSHu"
  >
    <img
      class="sc-dkzDqf bxnkfQ"
      src=""
    />
    <div
      class="sc-gsnTZi gzgePQ"
    >
      <h2
        class="sc-hKMtZM lptbku"
      >
        titulo
      </h2>
      <p
        class="sc-eCYdqJ ehJxse"
      >
        description
      </p>
      <div
        class="sc-jSMfEi NutLz"
      >
        <button
          class="sc-iBkjds duwzBz"
          color="#6200EE"
          type="button"
        >
          Ver m√°s
        </button>
        <i
          class="sc-gKXOVf kQPepr fa-solid  fa-heart active"
          data-testid="likeaction"
        />
      </div>
    </div>
  </div>
</div>
`;
