// Jest Snapshot v1, https://goo.gl/fbAQLP

exports[`Button Component should render without crash 1`] = `
<div>
  <button
    class="sc-bczRLJ fFZzDd"
    color="#6200EE"
    type="button"
  >
    click me
  </button>
</div>
`;
